System Summary
==============
Host Name:                     ip-10-0-4-147
Time:                          Tue Aug 26 11:14:41 UTC 2025
System:                        Amazon EC2 c8g.2xlarge, Not Specified
Baseboard:                     Amazon EC2 Not Specified, Not Specified
Chassis:                       Amazon EC2 Other, Not Specified
CPU Model:                     Neoverse-V2
Architecture:                  aarch64
Microarchitecture:             Neoverse-V2
L3 Cache:                      36 MiB
Cores per Socket:              8
Sockets:                       1
Hyperthreading:                N/A
CPUs:                          8
Intel Turbo Boost:             
Base Frequency:                2.8GHz
All-core Maximum Frequency:    
Maximum Frequency:             2800 MHz
NUMA Nodes:                    1
Prefetchers:                   None
PPINs:                         
Accelerators Available [used]: DLB 0 [0], DSA 0 [0], IAA 0 [0], QAT 0 [0], vRAN Boost 0 [0]
Installed Memory:              
Hugepagesize:                  2048 kB
Transparent Huge Pages:        madvise
Automatic NUMA Balancing:      Disabled
NIC:                           9x , 1x Elastic Network Adapter
Disk:                          1x 32G Amazon Elastic Block Store
BIOS:                          1.0
Microcode:                     
OS:                            Ubuntu 24.04.3 LTS
Kernel:                        6.14.0-1011-aws
TDP:                           
Energy Performance Bias:       
Scaling Governor:              
Scaling Driver:                
C-states:                      
Efficiency Latency Control:    
CVEs:                          19 OK, 0 Vulnerable
System Summary:                1-node, Amazon EC2 c8g.2xlarge, 1x Neoverse-V2, 8 cores, ? TDP, HT N/A, Turbo ?, Total Memory , BIOS 1.0, microcode , 9x , 1x Elastic Network Adapter, 1x 32G Amazon Elastic Block Store, Ubuntu 24.04.3 LTS, 6.14.0-1011-aws. Test by Intel as of August 26 2025.

Host
====
Host Name: ip-10-0-4-147
Time:      Tue Aug 26 11:14:41 UTC 2025
System:    Amazon EC2 c8g.2xlarge, Not Specified
Baseboard: Amazon EC2 Not Specified, Not Specified
Chassis:   Amazon EC2 Other, Not Specified

BIOS
====
Vendor:       Amazon EC2
Version:      1.0
Release Date: 11/1/2018

Operating System
================
OS:              Ubuntu 24.04.3 LTS
Kernel:          6.14.0-1011-aws
Boot Parameters: BOOT_IMAGE=/vmlinuz-6.14.0-1011-aws root=PARTUUID=1c3f3c20-db6b-497c-8727-f6702f73a5b2 ro console=tty1 console=ttyS0 nvme_core.io_timeout=4294967295 panic=-1
Microcode:       

Software Version
================
GCC:      
GLIBC:    ldd (Ubuntu GLIBC 2.39-0ubuntu8.5) 2.39
Binutils: 
Python:   
Python3:  Python 3.12.3
Java:     
OpenSSL:  OpenSSL 3.0.13 30 Jan 2024 (Library: OpenSSL 3.0.13 30 Jan 2024)

CPU
===
CPU Model:                  Neoverse-V2
Architecture:               aarch64
Microarchitecture:          Neoverse-V2
Family:                     
Model:                      1
Stepping:                   r0p1
Base Frequency:             2.8GHz
Maximum Frequency:          2800 MHz
All-core Maximum Frequency: 
CPUs:                       8
On-line CPU List:           0-7
Hyperthreading:             N/A
Cores per Socket:           8
Sockets:                    1
NUMA Nodes:                 1
NUMA CPU List:              0-7
L1d Cache:                  0.5 MiB
L1i Cache:                  0.5 MiB
L2 Cache:                   16 MiB
L3 Cache:                   36 MiB
L3 per Core:                4.5 MiB
Memory Channels:            8
Intel Turbo Boost:          
Virtualization:             
PPINs:                      

C-state
=======
No data found.

Memory
======
Installed Memory:              
MemTotal:                      16046152 kB
MemFree:                       11716576 kB
MemAvailable:                  14934160 kB
Buffers:                       78316 kB
Cached:                        3246872 kB
HugePages_Total:               0
Hugepagesize:                  2048 kB
Transparent Huge Pages:        madvise
Automatic NUMA Balancing:      Disabled
Populated Memory Channels:     
Total Memory Encryption (TME): Unknown
Clustering Mode:               

DIMM
====
No data found.

NIC
===
Name           Vendor (ID)                 Model (ID)                         Speed       Link   Bus            Driver   Driver Version    Firmware Version   MAC Address         NUMA Node   IRQBalance
----           -----------                 ----------                         -----       ----   ---            ------   --------------    ----------------   -----------         ---------   ----------
cni0                                                                          10000Mb/s   yes    N/A            bridge   2.3               N/A                92:d3:9a:cd:85:06               Enabled
docker0                                                                       10000Mb/s   yes    N/A            bridge   2.3               N/A                0a:fd:99:60:d5:80               Enabled
ens34          Amazon.com, Inc. (0x1d0f)   Elastic Network Adapter (0xec20)               yes    0000:27:00.0   ena      6.14.0-1011-aws                      06:ec:5c:33:37:db   0           Enabled
flannel.1                                                                                 yes                   vxlan    0.1                                  32:68:de:a2:a5:75               Enabled
veth11452cb                                                                   10000Mb/s   yes                   veth     1.0                                  6a:89:17:ca:c1:49               Enabled
veth5c6f6356                                                                  10000Mb/s   yes                   veth     1.0                                  0e:85:c6:ed:32:fb               Enabled
veth64e254f8                                                                  10000Mb/s   yes                   veth     1.0                                  7e:15:e2:1b:28:ae               Enabled
veth6e8d2734                                                                  10000Mb/s   yes                   veth     1.0                                  12:71:81:53:a4:26               Enabled
vethba5e7d14                                                                  10000Mb/s   yes                   veth     1.0                                  c2:04:aa:6b:3a:59               Enabled
vethfa53f430                                                                  10000Mb/s   yes                   veth     1.0                                  1e:96:a3:07:ef:b7               Enabled

Network Configuration
=====================
net.ipv4.tcp_rmem:            4096	131072	6291456
net.ipv4.tcp_wmem:            4096	16384	4194304
net.core.rmem_max:            212992
net.core.wmem_max:            212992
net.core.netdev_max_backlog:  1000
net.ipv4.tcp_max_syn_backlog: 1024
net.core.somaxconn:           4096

Network IRQ Mapping
===================
Interface   IRQ:CPU | IRQ:CPU | ...
---------   -----------------------
ens34       95:1 | 96:2 | 97:5 | 98:7 | 99:4 | 100:4 | 101:1 | 102:0

Disk
====
Name         Model                        Size   Mount Point   Type   Request Queue Size   Minimum I/O Size   Firmware Version   PCIe Address   NUMA Node   Link Speed   Link Width   Max Link Speed   Max Link Width
----         -----                        ----   -----------   ----   ------------------   ----------------   ----------------   ------------   ---------   ----------   ----------   --------------   --------------
nvme0n1      Amazon Elastic Block Store   32G                         63                   4096               2.0                0000:00:04.0   -1          Unknown      0            Unknown          255
nvme0n1p1                                 31G    /             ext4   63                   4096                                                                                                           
nvme0n1p15                                99M    /boot/efi     vfat   63                   4096                                                                                                           
nvme0n1p16                                923M   /boot         ext4   63                   4096                                                                                                           

Filesystem
==========
Filesystem        Size   Used   Avail   Use%   Mounted on                                                                                                                         Mount Options
----------        ----   ----   -----   ----   ----------                                                                                                                         -------------
/dev/root         30G    4.4G   26G     15%    /                                                                                                                                     
tmpfs             7.7G   0      7.7G    0%     /dev/shm                                                                                                                           rw,nosuid,nodev,inode64
tmpfs             3.1G   2.2M   3.1G    1%     /run                                                                                                                               rw,nosuid,nodev,size=3209232k,nr_inodes=819200,mode=755,inode64
tmpfs             5.0M   0      5.0M    0%     /run/lock                                                                                                                          rw,nosuid,nodev,noexec,relatime,size=5120k,inode64
efivarfs          128K   3.1K   125K    3%     /sys/firmware/efi/efivars                                                                                                          rw,nosuid,nodev,noexec,relatime
/dev/nvme0n1p16   891M   59M    770M    8%     /boot                                                                                                                              rw,relatime
/dev/nvme0n1p15   98M    6.4M   92M     7%     /boot/efi                                                                                                                          rw,relatime,fmask=0077,dmask=0077,codepage=437,iocharset=iso8859-1,shortname=mixed,errors=remount-ro
tmpfs             1.6G   12K    1.6G    1%     /run/user/1000                                                                                                                     rw,nosuid,nodev,relatime,size=1604612k,nr_inodes=401153,mode=700,uid=1000,gid=1000,inode64
overlay           30G    4.4G   26G     15%    /var/lib/docker/overlay2/2eff267e54985537323731ca7c6ea66dcbbe12f6718dfac9e59fc4644f0dedda/merged                                   rw,relatime,lowerdir=/var/lib/docker/overlay2/l/V73FD5Z3QXNINUERXPCCFJTPIQ:/var/lib/docker/overlay2/l/5XVURZKHVEURCJGJOMMH4EPVPA:/var/lib/docker/overlay2/l/2LGDUBBNRJATTW2I32NZXFW7OG:/var/lib/docker/overlay2/l/57TFM7HTAKUF4TEVU7IDOP7F2O:/var/lib/docker/overlay2/l/FDZWAV34L4QADUDDYCUVTUA3LV:/var/lib/docker/overlay2/l/UFZ5ACMNKG2JFUPPRU3VWDGEQV,upperdir=/var/lib/docker/overlay2/2eff267e54985537323731ca7c6ea66dcbbe12f6718dfac9e59fc4644f0dedda/diff,workdir=/var/lib/docker/overlay2/2eff267e54985537323731ca7c6ea66dcbbe12f6718dfac9e59fc4644f0dedda/work,nouserxattr
tmpfs             170M   12K    170M    1%     /var/lib/kubelet/pods/712d977e-d41a-412a-ae35-c1f9ab50166e/volumes/kubernetes.io~projected/kube-api-access-bvwfq                   rw,relatime,size=174080k,inode64,noswap
tmpfs             14G    12K    14G     1%     /var/lib/kubelet/pods/545f40f2-b4ba-470c-806a-2a773db4dd13/volumes/kubernetes.io~projected/kube-api-access-mgdng                   rw,relatime,size=13949000k,inode64,noswap
shm               64M    0      64M     0%     /run/k3s/containerd/io.containerd.grpc.v1.cri/sandboxes/338df72ea50afa48c23535a0d641745de145648da87235efd6f6b5a108e66eda/shm       rw,nosuid,nodev,noexec,relatime,size=65536k,inode64
shm               64M    0      64M     0%     /run/k3s/containerd/io.containerd.grpc.v1.cri/sandboxes/7c99e00ce088226f6ada01df8f35b1834e0760d360798a116cfb51005bf6bc79/shm       rw,nosuid,nodev,noexec,relatime,size=65536k,inode64
overlay           30G    4.4G   26G     15%    /run/k3s/containerd/io.containerd.runtime.v2.task/k8s.io/338df72ea50afa48c23535a0d641745de145648da87235efd6f6b5a108e66eda/rootfs   rw,relatime,lowerdir=/var/lib/rancher/k3s/agent/containerd/io.containerd.snapshotter.v1.overlayfs/snapshots/1/fs,upperdir=/var/lib/rancher/k3s/agent/containerd/io.containerd.snapshotter.v1.overlayfs/snapshots/2/fs,workdir=/var/lib/rancher/k3s/agent/containerd/io.containerd.snapshotter.v1.overlayfs/snapshots/2/work,uuid=on,nouserxattr
overlay           30G    4.4G   26G     15%    /run/k3s/containerd/io.containerd.runtime.v2.task/k8s.io/7c99e00ce088226f6ada01df8f35b1834e0760d360798a116cfb51005bf6bc79/rootfs   rw,relatime,lowerdir=/var/lib/rancher/k3s/agent/containerd/io.containerd.snapshotter.v1.overlayfs/snapshots/1/fs,upperdir=/var/lib/rancher/k3s/agent/containerd/io.containerd.snapshotter.v1.overlayfs/snapshots/3/fs,workdir=/var/lib/rancher/k3s/agent/containerd/io.containerd.snapshotter.v1.overlayfs/snapshots/3/work,uuid=on,nouserxattr
overlay           30G    4.4G   26G     15%    /run/k3s/containerd/io.containerd.runtime.v2.task/k8s.io/9f3413bddbf646a68c62010c1a20206b5ffd6523658aaedf08febb622c8c3c01/rootfs   rw,relatime,lowerdir=/var/lib/rancher/k3s/agent/containerd/io.containerd.snapshotter.v1.overlayfs/snapshots/11/fs:/var/lib/rancher/k3s/agent/containerd/io.containerd.snapshotter.v1.overlayfs/snapshots/10/fs:/var/lib/rancher/k3s/agent/containerd/io.containerd.snapshotter.v1.overlayfs/snapshots/9/fs:/var/lib/rancher/k3s/agent/containerd/io.containerd.snapshotter.v1.overlayfs/snapshots/8/fs:/var/lib/rancher/k3s/agent/containerd/io.containerd.snapshotter.v1.overlayfs/snapshots/5/fs,upperdir=/var/lib/rancher/k3s/agent/containerd/io.containerd.snapshotter.v1.overlayfs/snapshots/21/fs,workdir=/var/lib/rancher/k3s/agent/containerd/io.containerd.snapshotter.v1.overlayfs/snapshots/21/work,uuid=on,nouserxattr
overlay           30G    4.4G   26G     15%    /run/k3s/containerd/io.containerd.runtime.v2.task/k8s.io/8f84eec3654574d0135ee78695438f3072dcf1ea004a0b85046072f466c7203c/rootfs   rw,relatime,lowerdir=/var/lib/rancher/k3s/agent/containerd/io.containerd.snapshotter.v1.overlayfs/snapshots/22/fs:/var/lib/rancher/k3s/agent/containerd/io.containerd.snapshotter.v1.overlayfs/snapshots/20/fs:/var/lib/rancher/k3s/agent/containerd/io.containerd.snapshotter.v1.overlayfs/snapshots/19/fs:/var/lib/rancher/k3s/agent/containerd/io.containerd.snapshotter.v1.overlayfs/snapshots/18/fs:/var/lib/rancher/k3s/agent/containerd/io.containerd.snapshotter.v1.overlayfs/snapshots/17/fs:/var/lib/rancher/k3s/agent/containerd/io.containerd.snapshotter.v1.overlayfs/snapshots/16/fs:/var/lib/rancher/k3s/agent/containerd/io.containerd.snapshotter.v1.overlayfs/snapshots/15/fs:/var/lib/rancher/k3s/agent/containerd/io.containerd.snapshotter.v1.overlayfs/snapshots/14/fs:/var/lib/rancher/k3s/agent/containerd/io.containerd.snapshotter.v1.overlayfs/snapshots/13/fs:/var/lib/rancher/k3s/agent/containerd/io.containerd.snapshotter.v1.overlayfs/snapshots/12/fs:/var/lib/rancher/k3s/agent/containerd/io.containerd.snapshotter.v1.overlayfs/snapshots/7/fs:/var/lib/rancher/k3s/agent/containerd/io.containerd.snapshotter.v1.overlayfs/snapshots/6/fs:/var/lib/rancher/k3s/agent/containerd/io.containerd.snapshotter.v1.overlayfs/snapshots/4/fs,upperdir=/var/lib/rancher/k3s/agent/containerd/io.containerd.snapshotter.v1.overlayfs/snapshots/23/fs,workdir=/var/lib/rancher/k3s/agent/containerd/io.containerd.snapshotter.v1.overlayfs/snapshots/23/work,uuid=on,nouserxattr
shm               64M    0      64M     0%     /run/k3s/containerd/io.containerd.grpc.v1.cri/sandboxes/9d5309730bfb5e58bc6a391d800950174c2865f464215e31b33634404d71ade8/shm       rw,nosuid,nodev,noexec,relatime,size=65536k,inode64
overlay           30G    4.4G   26G     15%    /run/k3s/containerd/io.containerd.runtime.v2.task/k8s.io/9d5309730bfb5e58bc6a391d800950174c2865f464215e31b33634404d71ade8/rootfs   rw,relatime,lowerdir=/var/lib/rancher/k3s/agent/containerd/io.containerd.snapshotter.v1.overlayfs/snapshots/1/fs,upperdir=/var/lib/rancher/k3s/agent/containerd/io.containerd.snapshotter.v1.overlayfs/snapshots/73/fs,workdir=/var/lib/rancher/k3s/agent/containerd/io.containerd.snapshotter.v1.overlayfs/snapshots/73/work,uuid=on,nouserxattr
overlay           30G    4.4G   26G     15%    /run/k3s/containerd/io.containerd.runtime.v2.task/k8s.io/42fa84aa81900a4c9fb03df1d7d0ac18ef0fb90eb8519d32b83bb8d6613d96a4/rootfs   rw,relatime,lowerdir=/var/lib/rancher/k3s/agent/containerd/io.containerd.snapshotter.v1.overlayfs/snapshots/28/fs:/var/lib/rancher/k3s/agent/containerd/io.containerd.snapshotter.v1.overlayfs/snapshots/27/fs:/var/lib/rancher/k3s/agent/containerd/io.containerd.snapshotter.v1.overlayfs/snapshots/26/fs,upperdir=/var/lib/rancher/k3s/agent/containerd/io.containerd.snapshotter.v1.overlayfs/snapshots/74/fs,workdir=/var/lib/rancher/k3s/agent/containerd/io.containerd.snapshotter.v1.overlayfs/snapshots/74/work,uuid=on,nouserxattr
tmpfs             512M   12K    512M    1%     /var/lib/kubelet/pods/b7c963e3-41a9-4c76-8049-5289de06b829/volumes/kubernetes.io~projected/kube-api-access-s88rf                   rw,relatime,size=524288k,inode64,noswap
shm               64M    0      64M     0%     /run/k3s/containerd/io.containerd.grpc.v1.cri/sandboxes/374406b2c481465b3464c0470c3fc953856b1cbeaba98999e2f099a3fdd30a5a/shm       rw,nosuid,nodev,noexec,relatime,size=65536k,inode64
overlay           30G    4.4G   26G     15%    /run/k3s/containerd/io.containerd.runtime.v2.task/k8s.io/374406b2c481465b3464c0470c3fc953856b1cbeaba98999e2f099a3fdd30a5a/rootfs   rw,relatime,lowerdir=/var/lib/rancher/k3s/agent/containerd/io.containerd.snapshotter.v1.overlayfs/snapshots/1/fs,upperdir=/var/lib/rancher/k3s/agent/containerd/io.containerd.snapshotter.v1.overlayfs/snapshots/75/fs,workdir=/var/lib/rancher/k3s/agent/containerd/io.containerd.snapshotter.v1.overlayfs/snapshots/75/work,uuid=on,nouserxattr
overlay           30G    4.4G   26G     15%    /run/k3s/containerd/io.containerd.runtime.v2.task/k8s.io/91e3bbc7f43a075cd0f729a3be61922c5834898d9e6a71143a389e3d69497452/rootfs   rw,relatime,lowerdir=/var/lib/rancher/k3s/agent/containerd/io.containerd.snapshotter.v1.overlayfs/snapshots/63/fs:/var/lib/rancher/k3s/agent/containerd/io.containerd.snapshotter.v1.overlayfs/snapshots/62/fs:/var/lib/rancher/k3s/agent/containerd/io.containerd.snapshotter.v1.overlayfs/snapshots/60/fs:/var/lib/rancher/k3s/agent/containerd/io.containerd.snapshotter.v1.overlayfs/snapshots/40/fs:/var/lib/rancher/k3s/agent/containerd/io.containerd.snapshotter.v1.overlayfs/snapshots/39/fs:/var/lib/rancher/k3s/agent/containerd/io.containerd.snapshotter.v1.overlayfs/snapshots/38/fs:/var/lib/rancher/k3s/agent/containerd/io.containerd.snapshotter.v1.overlayfs/snapshots/37/fs:/var/lib/rancher/k3s/agent/containerd/io.containerd.snapshotter.v1.overlayfs/snapshots/36/fs:/var/lib/rancher/k3s/agent/containerd/io.containerd.snapshotter.v1.overlayfs/snapshots/35/fs:/var/lib/rancher/k3s/agent/containerd/io.containerd.snapshotter.v1.overlayfs/snapshots/34/fs:/var/lib/rancher/k3s/agent/containerd/io.containerd.snapshotter.v1.overlayfs/snapshots/33/fs:/var/lib/rancher/k3s/agent/containerd/io.containerd.snapshotter.v1.overlayfs/snapshots/32/fs:/var/lib/rancher/k3s/agent/containerd/io.containerd.snapshotter.v1.overlayfs/snapshots/31/fs:/var/lib/rancher/k3s/agent/containerd/io.containerd.snapshotter.v1.overlayfs/snapshots/30/fs,upperdir=/var/lib/rancher/k3s/agent/containerd/io.containerd.snapshotter.v1.overlayfs/snapshots/76/fs,workdir=/var/lib/rancher/k3s/agent/containerd/io.containerd.snapshotter.v1.overlayfs/snapshots/76/work,uuid=on,nouserxattr
tmpfs             1.0G   12K    1.0G    1%     /var/lib/kubelet/pods/ad3f043a-6d29-4779-961c-f47d7c7622de/volumes/kubernetes.io~projected/kube-api-access-q2zd2                   rw,relatime,size=1048576k,inode64,noswap
shm               64M    0      64M     0%     /run/k3s/containerd/io.containerd.grpc.v1.cri/sandboxes/77ff9470eafdaccd486eff1e121c3b36cf2dfc6650fdc8f67d7fbe7911725562/shm       rw,nosuid,nodev,noexec,relatime,size=65536k,inode64
overlay           30G    4.4G   26G     15%    /run/k3s/containerd/io.containerd.runtime.v2.task/k8s.io/77ff9470eafdaccd486eff1e121c3b36cf2dfc6650fdc8f67d7fbe7911725562/rootfs   rw,relatime,lowerdir=/var/lib/rancher/k3s/agent/containerd/io.containerd.snapshotter.v1.overlayfs/snapshots/1/fs,upperdir=/var/lib/rancher/k3s/agent/containerd/io.containerd.snapshotter.v1.overlayfs/snapshots/89/fs,workdir=/var/lib/rancher/k3s/agent/containerd/io.containerd.snapshotter.v1.overlayfs/snapshots/89/work,uuid=on,nouserxattr
overlay           30G    4.4G   26G     15%    /run/k3s/containerd/io.containerd.runtime.v2.task/k8s.io/a32d704bd9ea4a6d75a911d5ffe0b67f1826a3b694b7750b917e11a5f23ac739/rootfs   rw,relatime,lowerdir=/var/lib/rancher/k3s/agent/containerd/io.containerd.snapshotter.v1.overlayfs/snapshots/90/fs:/var/lib/rancher/k3s/agent/containerd/io.containerd.snapshotter.v1.overlayfs/snapshots/86/fs:/var/lib/rancher/k3s/agent/containerd/io.containerd.snapshotter.v1.overlayfs/snapshots/65/fs:/var/lib/rancher/k3s/agent/containerd/io.containerd.snapshotter.v1.overlayfs/snapshots/46/fs,upperdir=/var/lib/rancher/k3s/agent/containerd/io.containerd.snapshotter.v1.overlayfs/snapshots/91/fs,workdir=/var/lib/rancher/k3s/agent/containerd/io.containerd.snapshotter.v1.overlayfs/snapshots/91/work,uuid=on,nouserxattr

GPU
===
No data found.

CXL
===
No data found.

PCIe
====
No data found.

CVE
===
CVE-2017-5715:  OK (your CPU vendor reported your CPU model as not affected)
CVE-2017-5753:  OK (Mitigation: __user pointer sanitization)
CVE-2017-5754:  OK (your CPU vendor reported your CPU model as not affected)
CVE-2018-12126: OK (your CPU vendor reported your CPU model as not affected)
CVE-2018-12127: OK (your CPU vendor reported your CPU model as not affected)
CVE-2018-12130: OK (your CPU vendor reported your CPU model as not affected)
CVE-2018-12207: OK (your CPU vendor reported your CPU model as not affected)
CVE-2018-3615:  OK (your CPU vendor reported your CPU model as not affected)
CVE-2018-3620:  OK (your CPU vendor reported your CPU model as not affected)
CVE-2018-3639:  OK (your CPU vendor reported your CPU model as not affected)
CVE-2018-3640:  OK (your CPU vendor reported your CPU model as not affected)
CVE-2018-3646:  OK (your CPU vendor reported your CPU model as not affected)
CVE-2019-11091: OK (your CPU vendor reported your CPU model as not affected)
CVE-2019-11135: OK (your CPU vendor reported your CPU model as not affected)
CVE-2020-0543:  OK (your CPU vendor reported your CPU model as not affected)
CVE-2022-40982: OK (your CPU vendor reported your CPU model as not affected)
CVE-2023-20569: OK (your CPU vendor reported your CPU model as not affected)
CVE-2023-20593: OK (your CPU vendor reported your CPU model as not affected)
CVE-2023-23583: OK (your CPU vendor reported your CPU model as not affected)

Process
=======
PID     PPID    %CPU   %MEM   RSS      COMMAND
---     ----    ----   ----   ---      -------
3588    1       1.9    2.9    471752   /usr/local/bin/k3s server
28040   28039   0.8    0.1    25696    image-collector-aarch64/usr/local/bin/perfspect report --noupdate --output results --format json,txt
2792    1       0.4    0.5    90648    /usr/bin/dockerd -H fd:// --containerd=/run/containerd/containerd.sock
3615    3588    0.3    0.9    156144   containerd
1       0       0.1    0.0    12420    /sbin/init
4360    4163    0.0    0.3    61420    /coredns -conf /etc/coredns/Corefile
789     1       0.0    0.2    35788    /usr/lib/snapd/snapd
2649    1       0.0    0.2    41972    /usr/bin/containerd
16925   16849   0.0    0.1    26520    /usr/bin/python3 /usr/bin/supervisord -c /etc/supervisor/conf.d/supervisord.conf
1179    1       0.0    0.1    19568    /snap/amazon-ssm-agent/11798/amazon-ssm-agent
322     1       0.0    0.0    7092     /usr/lib/systemd/systemd-udevd
25855   1       0.0    0.0    15200    /var/lib/rancher/k3s/data/b6f836318133fd7ce169dca4b8021d734ef4db2bcc9e956ec952ab8690064175/bin/containerd-shim-runc-v2 -namespace k8s.io -id 77ff9470eafdaccd486eff1e121c3b36cf2dfc6650fdc8f67d7fbe7911725562 -address /run/k3s/containerd/containerd.sock
1273    1       0.0    0.0    10920    /usr/lib/systemd/systemd --user
775     1       0.0    0.0    4272     @dbus-daemon --system --address=systemd: --nofork --nopidfile --systemd-activation --syslog-only
455     1       0.0    0.0    11948    /usr/lib/systemd/systemd-resolved
4163    1       0.0    0.0    15588    /var/lib/rancher/k3s/data/b6f836318133fd7ce169dca4b8021d734ef4db2bcc9e956ec952ab8690064175/bin/containerd-shim-runc-v2 -namespace k8s.io -id 7c99e00ce088226f6ada01df8f35b1834e0760d360798a116cfb51005bf6bc79 -address /run/k3s/containerd/containerd.sock
4153    1       0.0    0.0    15816    /var/lib/rancher/k3s/data/b6f836318133fd7ce169dca4b8021d734ef4db2bcc9e956ec952ab8690064175/bin/containerd-shim-runc-v2 -namespace k8s.io -id 338df72ea50afa48c23535a0d641745de145648da87235efd6f6b5a108e66eda -address /run/k3s/containerd/containerd.sock
16849   1       0.0    0.0    15276    /var/lib/rancher/k3s/data/b6f836318133fd7ce169dca4b8021d734ef4db2bcc9e956ec952ab8690064175/bin/containerd-shim-runc-v2 -namespace k8s.io -id 374406b2c481465b3464c0470c3fc953856b1cbeaba98999e2f099a3fdd30a5a -address /run/k3s/containerd/containerd.sock
16713   1       0.0    0.0    15788    /var/lib/rancher/k3s/data/b6f836318133fd7ce169dca4b8021d734ef4db2bcc9e956ec952ab8690064175/bin/containerd-shim-runc-v2 -namespace k8s.io -id 9d5309730bfb5e58bc6a391d800950174c2865f464215e31b33634404d71ade8 -address /run/k3s/containerd/containerd.sock

Sensor
======
No data found.

Chassis Status
==============
No data found.

System Event Log
================
No data found.

Kernel Log
==========
Entries
-------
[Aug26 11:06] cni0: port 5(veth66dc8e67) entered blocking state
[  +0.000008] cni0: port 5(veth66dc8e67) entered disabled state
[  +0.000014] veth66dc8e67: entered allmulticast mode
[  +0.000040] veth66dc8e67: entered promiscuous mode
[  +0.002380] cni0: port 5(veth66dc8e67) entered blocking state
[  +0.000007] cni0: port 5(veth66dc8e67) entered forwarding state
[Aug26 11:12] cni0: port 6(vethba5e7d14) entered blocking state
[  +0.000008] cni0: port 6(vethba5e7d14) entered disabled state
[  +0.000021] vethba5e7d14: entered allmulticast mode
[  +0.000043] vethba5e7d14: entered promiscuous mode
[  +0.002381] cni0: port 6(vethba5e7d14) entered blocking state
[  +0.000006] cni0: port 6(vethba5e7d14) entered forwarding state
[  +4.320767] cni0: port 5(veth66dc8e67) entered disabled state
[  +0.000257] veth66dc8e67 (unregistering): left allmulticast mode
[  +0.000004] veth66dc8e67 (unregistering): left promiscuous mode
[  +0.000003] cni0: port 5(veth66dc8e67) entered disabled state
[Aug26 11:14] IPMI message handler: version 39.2
[  +0.001461] ipmi device interface
[  +0.004220] ipmi_si: IPMI System Interface driver
[  +0.000093] ipmi_si: Unable to find any System Interface(s)
   

Insights
========
Recommendation                                   Justification
--------------                                   -------------
Consider upgrading to an Intel(r) Xeon(r) CPU.   The current CPU is not an Intel(r) Xeon(r) CPU.

PerfSpect
=========
Version:   3.9.1_2025-08-19_18fa4c94
Args:      image-collector-aarch64/usr/local/bin/perfspect report --noupdate --output results --format json,txt
OutputDir: /home/ubuntu/perfspect/build/results

